ku\cs\controllers\LoginController.class
ku\cs\services\DataSource.class
ku\cs\FXRouter$RouteScene.class
ku\cs\controllers\SystemForUserController.class
ku\cs\controllers\FirstPageController.class
ku\cs\models\Product.class
ku\cs\models\SellerAccount.class
ku\cs\controllers\ListOfAccountController$1.class
ku\cs\controllers\SecondaryController.class
ku\cs\services\StringConfiguration.class
ku\cs\controllers\CreateStoreForUserController.class
ku\cs\controllers\ShopController$1.class
ku\cs\models\ProductList$1.class
ku\cs\controllers\ManageStoreController.class
ku\cs\controllers\SystemForAdminController.class
ku\cs\controllers\ChangePasswordController.class
module-info.class
ku\cs\controllers\ConfirmationAddProductController.class
ku\cs\controllers\PurchaseOrderController.class
ku\cs\controllers\StoreController.class
ku\cs\services\AccountFileDataSource.class
ku\cs\controllers\ListOfProductsController$1.class
ku\cs\controllers\SellerHelpListOfProductsController.class
ku\cs\controllers\SellerHelpChangePasswordController.class
ku\cs\models\ProductList.class
ku\cs\controllers\SellerHelpEditProductController.class
ku\cs\controllers\UserHelpCreateStoreController.class
ku\cs\controllers\UserHelpPurchaseOrderController.class
ku\cs\controllers\SignupController.class
ku\cs\controllers\UserHelpShopController.class
ku\cs\controllers\AddProductController.class
ku\cs\controllers\ListOfProductsController.class
ku\cs\models\AccountList.class
ku\cs\controllers\SecondaryController$1.class
ku\cs\models\ProductList$2.class
ku\cs\models\AdminAccount.class
ku\cs\FXRouter.class
ku\cs\controllers\ItemController.class
ku\cs\App.class
ku\cs\FXRouter$1.class
ku\cs\services\OrderFileDataSource.class
ku\cs\controllers\ListOfAccountController.class
ku\cs\models\OrderList.class
ku\cs\controllers\UserHelpController.class
ku\cs\controllers\EditProductController.class
ku\cs\services\MyListener.class
ku\cs\controllers\ShopController.class
ku\cs\services\ProductFileDataSource.class
ku\cs\controllers\UserHelpChangePasswordController.class
ku\cs\controllers\HelpController.class
ku\cs\models\Order.class
ku\cs\models\Account.class
ku\cs\controllers\PrimaryController.class
ku\cs\controllers\SystemForSellerController.class
ku\cs\controllers\OurProfileController.class
ku\cs\controllers\SellerHelpAddProductController.class
ku\cs\controllers\SellerHelpController.class
ku\cs\controllers\StoreController$1.class
