D:\1\project-641-test\src\main\java\ku\cs\controllers\SellerHelpEditProductController.java
D:\1\project-641-test\src\main\java\ku\cs\models\Order.java
D:\1\project-641-test\src\main\java\ku\cs\controllers\LoginController.java
D:\1\project-641-test\src\main\java\ku\cs\models\ProductList.java
D:\1\project-641-test\src\main\java\ku\cs\services\StringConfiguration.java
D:\1\project-641-test\src\main\java\ku\cs\controllers\ManageStoreController.java
D:\1\project-641-test\src\main\java\ku\cs\services\MyListener.java
D:\1\project-641-test\src\main\java\ku\cs\controllers\SystemForUserController.java
D:\1\project-641-test\src\main\java\ku\cs\controllers\SecondaryController.java
D:\1\project-641-test\src\main\java\ku\cs\controllers\UserHelpPurchaseOrderController.java
D:\1\project-641-test\src\main\java\ku\cs\controllers\HelpController.java
D:\1\project-641-test\src\main\java\ku\cs\FXRouter.java
D:\1\project-641-test\src\main\java\ku\cs\controllers\SystemForAdminController.java
D:\1\project-641-test\src\main\java\ku\cs\controllers\ChangePasswordController.java
D:\1\project-641-test\src\main\java\ku\cs\controllers\PrimaryController.java
D:\1\project-641-test\src\main\java\ku\cs\models\AccountList.java
D:\1\project-641-test\src\main\java\ku\cs\controllers\FirstPageController.java
D:\1\project-641-test\src\main\java\ku\cs\controllers\OurProfileController.java
D:\1\project-641-test\src\main\java\ku\cs\controllers\SystemForSellerController.java
D:\1\project-641-test\src\main\java\ku\cs\services\DataSource.java
D:\1\project-641-test\src\main\java\ku\cs\controllers\SignupController.java
D:\1\project-641-test\src\main\java\ku\cs\controllers\EditProductController.java
D:\1\project-641-test\src\main\java\ku\cs\models\OrderList.java
D:\1\project-641-test\src\main\java\ku\cs\models\Account.java
D:\1\project-641-test\src\main\java\ku\cs\controllers\CreateStoreForUserController.java
D:\1\project-641-test\src\main\java\ku\cs\controllers\UserHelpShopController.java
D:\1\project-641-test\src\main\java\ku\cs\models\SellerAccount.java
D:\1\project-641-test\src\main\java\ku\cs\models\Product.java
D:\1\project-641-test\src\main\java\ku\cs\controllers\SellerHelpController.java
D:\1\project-641-test\src\main\java\ku\cs\controllers\SellerHelpChangePasswordController.java
D:\1\project-641-test\src\main\java\ku\cs\controllers\ConfirmationAddProductController.java
D:\1\project-641-test\src\main\java\ku\cs\controllers\ListOfProductsController.java
D:\1\project-641-test\src\main\java\ku\cs\controllers\UserHelpCreateStoreController.java
D:\1\project-641-test\src\main\java\ku\cs\services\ProductFileDataSource.java
D:\1\project-641-test\src\main\java\ku\cs\controllers\ItemController.java
D:\1\project-641-test\src\main\java\module-info.java
D:\1\project-641-test\src\main\java\ku\cs\controllers\StoreController.java
D:\1\project-641-test\src\main\java\ku\cs\services\AccountFileDataSource.java
D:\1\project-641-test\src\main\java\ku\cs\App.java
D:\1\project-641-test\src\main\java\ku\cs\controllers\ListOfAccountController.java
D:\1\project-641-test\src\main\java\ku\cs\controllers\SellerHelpListOfProductsController.java
D:\1\project-641-test\src\main\java\ku\cs\services\OrderFileDataSource.java
D:\1\project-641-test\src\main\java\ku\cs\controllers\ShopController.java
D:\1\project-641-test\src\main\java\ku\cs\models\AdminAccount.java
D:\1\project-641-test\src\main\java\ku\cs\controllers\AddProductController.java
D:\1\project-641-test\src\main\java\ku\cs\controllers\PurchaseOrderController.java
D:\1\project-641-test\src\main\java\ku\cs\controllers\SellerHelpAddProductController.java
D:\1\project-641-test\src\main\java\ku\cs\controllers\UserHelpController.java
D:\1\project-641-test\src\main\java\ku\cs\controllers\UserHelpChangePasswordController.java
